01-01 08:02:21.174 W/PackageManager( 2078): Not granting permission android.permission.ACCESS_DOWNLOAD_MANAGER to package com.dangbeimarket (protectionLevel=18 flags=0xd83e45)
01-01 08:02:21.174 D/PackageManager( 2078): grantSignaturePermission permission = android.permission.INSTALL_PACKAGES
01-01 08:02:21.174 D/PackageManager( 2078): verifyPackageMD5 apkControlMode = none
01-01 08:02:21.175 D/PackageManager( 2078): com.dangbeimarket compare in grantSignaturePermission : package publickey_string = OpenSSLRSAPublicKey{modulus=90f39aede16b4a439a8b6583321901e18a11e9604f92aecd808bac9cf947a7457d5b235747adaee882d2ccb17447e29cc49e41a30252f993fc24a3912b01b97cd571bbd684d9230b840455354ddccb7e3664800e528ee6713fc30151544ffbe0ed5df2818a9eccc594b10e617902fd2ff7b3d1e365e14627742be2fd2a76caefdd47516f4537cad4b58fbd109a19222ceb88a7e969c6d681c20fcc3a7422126db7eeb6b2e55aef4fd7a9519ce544ecf7e11c4b0e33b50ac8c443988e3cec8860060c7fc79a787e2dab86620268703077a8851e3058583f7685510511f437e3e1f599ee207f0fe57b1374f2334ccd67980468ee0e8703763ca3cc4c5da790d90d,publicExponent=10001}
01-01 08:02:21.175 D/PackageManager( 2078): com.dangbeimarket compare in grantSignaturePermission : package keyString = 90f39aede16b4a439a8b6583321901e18a11e9604f92aecd808bac9cf947a7457d5b235747adaee882d2ccb17447e29cc49e41a30252f993fc24a3912b01b97cd571bbd684d9230b840455354ddccb7e3664800e528ee6713fc30151544ffbe0ed5df2818a9eccc594b10e617902fd2ff7b3d1e365e14627742be2fd2a76caefdd47516f4537cad4b58fbd109a19222ceb88a7e969c6d681c20fcc3a7422126db7eeb6b2e55aef4fd7a9519ce544ecf7e11c4b0e33b50ac8c443988e3cec8860060c7fc79a787e2dab86620268703077a8851e3058583f7685510511f437e3e1f599ee207f0fe57b1374f2334ccd67980468ee0e8703763ca3cc4c5da790d90d
01-01 08:02:21.175 D/PackageManager( 2078): grantSignaturePermission:OriPubKey allowed = false
01-01 08:02:21.175 W/PackageManager( 2078): Not granting permission android.permission.INSTALL_PACKAGES to package com.dangbeimarket (protectionLevel=18 flags=0xd83e45)
01-01 08:02:21.175 D/PackageManager( 2078): grantSignaturePermission permission = android.permission.DELETE_PACKAGES
01-01 08:02:21.175 D/PackageManager( 2078): verifyPackageMD5 apkControlMode = none
01-01 08:02:21.176 D/PackageManager( 2078): com.dangbeimarket compare in grantSignaturePermission : package publickey_string = OpenSSLRSAPublicKey{modulus=90f39aede16b4a439a8b6583321901e18a11e9604f92aecd808bac9cf947a7457d5b235747adaee882d2ccb17447e29cc49e41a30252f993fc24a3912b01b97cd571bbd684d9230b840455354ddccb7e3664800e528ee6713fc30151544ffbe0ed5df2818a9eccc594b10e617902fd2ff7b3d1e365e14627742be2fd2a76caefdd47516f4537cad4b58fbd109a19222ceb88a7e969c6d681c20fcc3a7422126db7eeb6b2e55aef4fd7a9519ce544ecf7e11c4b0e33b50ac8c443988e3cec8860060c7fc79a787e2dab86620268703077a8851e3058583f7685510511f437e3e1f599ee207f0fe57b1374f2334ccd67980468ee0e8703763ca3cc4c5da790d90d,publicExponent=10001}
01-01 08:02:21.176 D/PackageManager( 2078): com.dangbeimarket compare in grantSignaturePermission : package keyString = 90f39aede16b4a439a8b6583321901e18a11e9604f92aecd808bac9cf947a7457d5b235747adaee882d2ccb17447e29cc49e41a30252f993fc24a3912b01b97cd571bbd684d9230b840455354ddccb7e3664800e528ee6713fc30151544ffbe0ed5df2818a9eccc594b10e617902fd2ff7b3d1e365e14627742be2fd2a76caefdd47516f4537cad4b58fbd109a19222ceb88a7e969c6d681c20fcc3a7422126db7eeb6b2e55aef4fd7a9519ce544ecf7e11c4b0e33b50ac8c443988e3cec8860060c7fc79a787e2dab86620268703077a8851e3058583f7685510511f437e3e1f599ee207f0fe57b1374f2334ccd67980468ee0e8703763ca3cc4c5da790d90d
01-01 08:02:21.176 D/PackageManager( 2078): grantSignaturePermission:OriPubKey allowed = false
01-01 08:02:21.176 W/PackageManager( 2078): Not granting permission android.permission.DELETE_PACKAGES to package com.dangbeimarket (protectionLevel=18 flags=0xd83e45)
01-01 08:02:21.176 D/PackageManager( 2078): grantSignaturePermission permission = android.permission.CLEAR_APP_USER_DATA
01-01 08:02:21.176 D/PackageManager( 2078): verifyPackageMD5 apkControlMode = none
01-01 08:02:21.177 D/PackageManager( 2078): com.dangbeimarket compare in grantSignaturePermission : package publickey_string = OpenSSLRSAPublicKey{modulus=90f39aede16b4a439a8b6583321901e18a11e9604f92aecd808bac9cf947a7457d5b235747adaee882d2ccb17447e29cc49e41a30252f993fc24a3912b01b97cd571bbd684d9230b840455354ddccb7e3664800e528ee6713fc30151544ffbe0ed5df2818a9eccc594b10e617902fd2ff7b3d1e365e14627742be2fd2a76caefdd47516f4537cad4b58fbd109a19222ceb88a7e969c6d681c20fcc3a7422126db7eeb6b2e55aef4fd7a9519ce544ecf7e11c4b0e33b50ac8c443988e3cec8860060c7fc79a787e2dab86620268703077a8851e3058583f7685510511f437e3e1f599ee207f0fe57b1374f2334ccd67980468ee0e8703763ca3cc4c5da790d90d,publicExponent=10001}
01-01 08:02:21.177 D/PackageManager( 2078): com.dangbeimarket compare in grantSignaturePermission : package keyString = 90f39aede16b4a439a8b6583321901e18a11e9604f92aecd808bac9cf947a7457d5b235747adaee882d2ccb17447e29cc49e41a30252f993fc24a3912b01b97cd571bbd684d9230b840455354ddccb7e3664800e528ee6713fc30151544ffbe0ed5df2818a9eccc594b10e617902fd2ff7b3d1e365e14627742be2fd2a76caefdd47516f4537cad4b58fbd109a19222ceb88a7e969c6d681c20fcc3a7422126db7eeb6b2e55aef4fd7a9519ce544ecf7e11c4b0e33b50ac8c443988e3cec8860060c7fc79a787e2dab86620268703077a8851e3058583f7685510511f437e3e1f599ee207f0fe57b1374f2334ccd67980468ee0e8703763ca3cc4c5da790d90d
01-01 08:02:21.177 D/PackageManager( 2078): grantSignaturePermission:OriPubKey allowed = false
01-01 08:02:21.177 W/PackageManager( 2078): Not granting permission android.permission.CLEAR_APP_USER_DATA to package com.dangbeimarket (protectionLevel=2 flags=0xd83e45)
01-01 08:02:21.177 D/PackageManager( 2078): grantSignaturePermission permission = android.permission.CHANGE_COMPONENT_ENABLED_STATE
01-01 08:02:21.177 D/PackageManager( 2078): verifyPackageMD5 apkControlMode = none
01-01 08:02:21.178 D/PackageManager( 2078): com.dangbeimarket compare in grantSignaturePermission : package publickey_string = OpenSSLRSAPublicKey{modulus=90f39aede16b4a439a8b6583321901e18a11e9604f92aecd808bac9cf947a7457d5b235747adaee882d2ccb17447e29cc49e41a30252f993fc24a3912b01b97cd571bbd684d9230b840455354ddccb7e3664800e528ee6713fc30151544ffbe0ed5df2818a9eccc594b10e617902fd2ff7b3d1e365e14627742be2fd2a76caefdd47516f4537cad4b58fbd109a19222ceb88a7e969c6d681c20fcc3a7422126db7eeb6b2e55aef4fd7a9519ce544ecf7e11c4b0e33b50ac8c443988e3cec8860060c7fc79a787e2dab86620268703077a8851e3058583f7685510511f437e3e1f599ee207f0fe57b1374f2334ccd67980468ee0e8703763ca3cc4c5da790d90d,publicExponent=10001}
01-01 08:02:21.178 D/PackageManager( 2078): com.dangbeimarket compare in grantSignaturePermission : package keyString = 90f39aede16b4a439a8b6583321901e18a11e9604f92aecd808bac9cf947a7457d5b235747adaee882d2ccb17447e29cc49e41a30252f993fc24a3912b01b97cd571bbd684d9230b840455354ddccb7e3664800e528ee6713fc30151544ffbe0ed5df2818a9eccc594b10e617902fd2ff7b3d1e365e14627742be2fd2a76caefdd47516f4537cad4b58fbd109a19222ceb88a7e969c6d681c20fcc3a7422126db7eeb6b2e55aef4fd7a9519ce544ecf7e11c4b0e33b50ac8c443988e3cec8860060c7fc79a787e2dab86620268703077a8851e3058583f7685510511f437e3e1f599ee207f0fe57b1374f2334ccd67980468ee0e8703763ca3cc4c5da790d90d
01-01 08:02:21.178 D/PackageManager( 2078): grantSignaturePermission:OriPubKey allowed = false
01-01 08:02:21.178 W/PackageManager( 2078): Not granting permission android.permission.CHANGE_COMPONENT_ENABLED_STATE to package com.dangbeimarket (protectionLevel=18 flags=0xd83e45)
01-01 08:02:21.178 D/PackageManager( 2078): grantSignaturePermission permission = android.permission.READ_FRAME_BUFFER
01-01 08:02:21.178 D/PackageManager( 2078): verifyPackageMD5 apkControlMode = none
01-01 08:02:21.179 D/PackageManager( 2078): com.dangbeimarket compare in grantSignaturePermission : package publickey_string = OpenSSLRSAPublicKey{modulus=90f39aede16b4a439a8b6583321901e18a11e9604f92aecd808bac9cf947a7457d5b235747adaee882d2ccb17447e29cc49e41a30252f993fc24a3912b01b97cd571bbd684d9230b840455354ddccb7e3664800e528ee6713fc30151544ffbe0ed5df2818a9eccc594b10e617902fd2ff7b3d1e365e14627742be2fd2a76caefdd47516f4537cad4b58fbd109a19222ceb88a7e969c6d681c20fcc3a7422126db7eeb6b2e55aef4fd7a9519ce544ecf7e11c4b0e33b50ac8c443988e3cec8860060c7fc79a787e2dab86620268703077a8851e3058583f7685510511f437e3e1f599ee207f0fe57b1374f2334ccd67980468ee0e8703763ca3cc4c5da790d90d,publicExponent=10001}
01-01 08:02:21.179 D/PackageManager( 2078): com.dangbeimarket compare in grantSignaturePermission : package keyString = 90f39aede16b4a439a8b6583321901e18a11e9604f92aecd808bac9cf947a7457d5b235747adaee882d2ccb17447e29cc49e41a30252f993fc24a3912b01b97cd571bbd684d9230b840455354ddccb7e3664800e528ee6713fc30151544ffbe0ed5df2818a9eccc594b10e617902fd2ff7b3d1e365e14627742be2fd2a76caefdd47516f4537cad4b58fbd109a19222ceb88a7e969c6d681c20fcc3a7422126db7eeb6b2e55aef4fd7a9519ce544ecf7e11c4b0e33b50ac8c443988e3cec8860060c7fc79a787e2dab86620268703077a8851e3058583f7685510511f437e3e1f599ee207f0fe57b1374f2334ccd67980468ee0e8703763ca3cc4c5da790d90d
01-01 08:02:21.179 D/PackageManager( 2078): grantSignaturePermission:OriPubKey allowed = false
01-01 08:02:21.179 W/PackageManager( 2078): Not granting permission android.permission.READ_FRAME_BUFFER to package com.dangbeimarket (protectionLevel=18 flags=0xd83e45)
01-01 08:02:21.179 D/PackageManager( 2078): grantSignaturePermission permission = android.permission.MOUNT_UNMOUNT_FILESYSTEMS
01-01 08:02:21.179 D/PackageManager( 2078): verifyPackageMD5 apkControlMode = none
01-01 08:02:21.179 D/PackageManager( 2078): grantSignaturePermission permission = android.permission.MASTER_CLEAR
01-01 08:02:21.179 D/PackageManager( 2078): verifyPackageMD5 apkControlMode = none
01-01 08:02:21.179 D/PackageManager( 2078): grantSignaturePermission permission = android.permission.INSTALL_PACKAGES
01-01 08:02:21.179 D/PackageManager( 2078): verifyPackageMD5 apkControlMode = none
01-01 08:02:21.180 D/PackageManager( 2078): grantSignaturePermission permission = android.permission.CHANGE_CONFIGURATION
01-01 08:02:21.180 D/PackageManager( 2078): verifyPackageMD5 apkControlMode = none
01-01 08:02:21.180 D/PackageManager( 2078): grantSignaturePermission permission = android.permission.SET_ANIMATION_SCALE
01-01 08:02:21.180 D/PackageManager( 2078): verifyPackageMD5 apkControlMode = none
01-01 08:02:21.180 D/PackageManager( 2078): grantSignaturePermission permission = android.permission.SET_PREFERRED_APPLICATIONS
01-01 08:02:21.180 D/PackageManager( 2078): verifyPackageMD5 apkControlMode = none
01-01 08:02:21.180 D/PackageManager( 2078): grantSignaturePermission permission = android.permission.WRITE_SECURE_SETTINGS
01-01 08:02:21.180 D/PackageManager( 2078): verifyPackageMD5 apkControlMode = none
01-01 08:02:21.180 D/PackageManager( 2078): grantSignaturePermission permission = android.permission.SET_DEBUG_APP
01-01 08:02:21.180 D/PackageManager( 2078): verifyPackageMD5 apkControlMode = none
01-01 08:02:21.180 D/PackageManager( 2078): grantSignaturePermission permission = android.permission.SET_PROCESS_LIMIT
01-01 08:02:21.180 D/PackageManager( 2078): verifyPackageMD5 apkControlMode = none
01-01 08:02:21.180 D/PackageManager( 2078): grantSignaturePermission permission = android.permission.SET_ALWAYS_FINISH
01-01 08:02:21.180 D/PackageManager( 2078): verifyPackageMD5 apkControlMode = none
01-01 08:02:21.180 D/PackageManager( 2078): grantSignaturePermission permission = android.permission.DUMP
01-01 08:02:21.180 D/PackageManager( 2078): verifyPackageMD5 apkControlMode = none
01-01 08:02:21.180 D/PackageManager( 2078): grantSignaturePermission permission = android.permission.SIGNAL_PERSISTENT_PROCESSES
01-01 08:02:21.180 D/PackageManager( 2078): verifyPackageMD5 apkControlMode = none
01-01 08:02:21.180 D/PackageManager( 2078): grantSignaturePermission permission = android.permission.FORCE_BACK
01-01 08:02:21.180 D/PackageManager( 2078): verifyPackageMD5 apkControlMode = none
01-01 08:02:21.180 D/PackageManager( 2078): grantSignaturePermission permission = android.permission.BATTERY_STATS
01-01 08:02:21.180 D/PackageManager( 2078): verifyPackageMD5 apkControlMode = none
01-01 08:02:21.180 D/PackageManager( 2078): grantSignaturePermission permission = android.permission.INTERNAL_SYSTEM_WINDOW
01-01 08:02:21.180 D/PackageManager( 2078): verifyPackageMD5 apkControlMode = none
01-01 08:02:21.180 D/PackageManager( 2078): grantSignaturePermission permission = android.permission.INJECT_EVENTS
01-01 08:02:21.180 D/PackageManager( 2078): verifyPackageMD5 apkControlMode = none
01-01 08:02:21.180 D/PackageManager( 2078): grantSignaturePermission permission = android.permission.RETRIEVE_WINDOW_CONTENT
01-01 08:02:21.180 D/PackageManager( 2078): verifyPackageMD5 apkControlMode = none
01-01 08:02:21.181 D/PackageManager( 2078): grantSignaturePermission permission = android.permission.SET_ACTIVITY_WATCHER
01-01 08:02:21.181 D/PackageManager( 2078): verifyPackageMD5 apkControlMode = none
01-01 08:02:21.181 D/PackageManager( 2078): grantSignaturePermission permission = android.permission.READ_INPUT_STATE
01-01 08:02:21.181 D/PackageManager( 2078): verifyPackageMD5 apkControlMode = none
01-01 08:02:21.181 D/PackageManager( 2078): grantSignaturePermission permission = android.permission.SET_ORIENTATION
01-01 08:02:21.181 D/PackageManager( 2078): verifyPackageMD5 apkControlMode = none
01-01 08:02:21.181 D/PackageManager( 2078): grantSignaturePermission permission = android.permission.INSTALL_PACKAGES
01-01 08:02:21.181 D/PackageManager( 2078): verifyPackageMD5 apkControlMode = none
01-01 08:02:21.181 D/PackageManager( 2078): grantSignaturePermission permission = android.permission.CLEAR_APP_USER_DATA
01-01 08:02:21.181 D/PackageManager( 2078): verifyPackageMD5 apkControlMode = none
01-01 08:02:21.181 D/PackageManager( 2078): grantSignaturePermission permission = android.permission.DELETE_CACHE_FILES
01-01 08:02:21.181 D/PackageManager( 2078): verifyPackageMD5 apkControlMode = none
01-01 08:02:21.181 D/PackageManager( 2078): grantSignaturePermission permission = android.permission.DELETE_PACKAGES
01-01 08:02:21.181 D/PackageManager( 2078): verifyPackageMD5 apkControlMode = none
01-01 08:02:21.181 D/PackageManager( 2078): grantSignaturePermission permission = android.permission.ACCESS_SURFACE_FLINGER
01-01 08:02:21.181 D/PackageManager( 2078): verifyPackageMD5 apkControlMode = none
01-01 08:02:21.181 D/PackageManager( 2078): grantSignaturePermission permission = android.permission.READ_FRAME_BUFFER
01-01 08:02:21.181 D/PackageManager( 2078): verifyPackageMD5 apkControlMode = none
01-01 08:02:21.181 D/PackageManager( 2078): grantSignaturePermission permission = android.permission.DEVICE_POWER
01-01 08:02:21.181 D/PackageManager( 2078): verifyPackageMD5 apkControlMode = none
01-01 08:02:21.181 D/PackageManager( 2078): grantSignaturePermission permission = android.permission.INSTALL_LOCATION_PROVIDER
01-01 08:02:21.181 D/PackageManager( 2078): verifyPackageMD5 apkControlMode = none
01-01 08:02:21.181 D/PackageManager( 2078): grantSignaturePermission permission = android.permission.BACKUP
01-01 08:02:21.181 D/PackageManager( 2078): verifyPackageMD5 apkControlMode = none
01-01 08:02:21.181 D/PackageManager( 2078): grantSignaturePermission permission = android.permission.FORCE_STOP_PACKAGES
01-01 08:02:21.181 D/PackageManager( 2078): verifyPackageMD5 apkControlMode = none
01-01 08:02:21.181 D/PackageManager( 2078): grantSignaturePermission permission = android.permission.STOP_APP_SWITCHES
01-01 08:02:21.181 D/PackageManager( 2078): verifyPackageMD5 apkControlMode = none
01-01 08:02:21.181 D/PackageManager( 2078): grantSignaturePermission permission = android.permission.ACCESS_CONTENT_PROVIDERS_EXTERNALLY
01-01 08:02:21.181 D/PackageManager( 2078): verifyPackageMD5 apkControlMode = none
01-01 08:02:21.182 D/PackageManager( 2078): grantSignaturePermission permission = android.permission.GRANT_REVOKE_PERMISSIONS
01-01 08:02:21.182 D/PackageManager( 2078): verifyPackageMD5 apkControlMode = none
01-01 08:02:21.182 D/PackageManager( 2078): grantSignaturePermission permission = android.permission.SET_KEYBOARD_LAYOUT
01-01 08:02:21.182 D/PackageManager( 2078): verifyPackageMD5 apkControlMode = none
01-01 08:02:21.182 D/PackageManager( 2078): grantSignaturePermission permission = android.permission.GET_DETAILED_TASKS
01-01 08:02:21.182 D/PackageManager( 2078): verifyPackageMD5 apkControlMode = none
01-01 08:02:21.182 D/PackageManager( 2078): grantSignaturePermission permission = android.permission.SET_SCREEN_COMPATIBILITY
01-01 08:02:21.182 D/PackageManager( 2078): verifyPackageMD5 apkControlMode = none
01-01 08:02:21.182 D/PackageManager( 2078): grantSignaturePermission permission = android.permission.WRITE_MEDIA_STORAGE
01-01 08:02:21.182 D/PackageManager( 2078): verifyPackageMD5 apkControlMode = none
01-01 08:02:21.182 D/PackageManager( 2078): grantSignaturePermission permission = android.permission.INTERACT_ACROSS_USERS
01-01 08:02:21.182 D/PackageManager( 2078): verifyPackageMD5 apkControlMode = none
01-01 08:02:21.182 D/PackageManager( 2078): grantSignaturePermission permission = android.permission.INTERACT_ACROSS_USERS_FULL
01-01 08:02:21.182 D/PackageManager( 2078): verifyPackageMD5 apkControlMode = none
01-01 08:02:21.182 D/PackageManager( 2078): grantSignaturePermission permission = android.permission.MANAGE_USERS
01-01 08:02:21.182 D/PackageManager( 2078): verifyPackageMD5 apkControlMode = none
01-01 08:02:21.182 D/PackageManager( 2078): grantSignaturePermission permission = android.permission.BLUETOOTH_STACK
01-01 08:02:21.182 D/PackageManager( 2078): verifyPackageMD5 apkControlMode = none
01-01 08:02:21.182 D/PackageManager( 2078): grantSignaturePermission permission = android.permission.ACCESS_DOWNLOAD_MANAGER
01-01 08:02:21.182 D/PackageManager( 2078): verifyPackageMD5 apkControlMode = none
01-01 08:02:21.182 D/PackageManager( 2078): grantSignaturePermission permission = android.permission.ACCESS_CACHE_FILESYSTEM
01-01 08:02:21.182 D/PackageManager( 2078): verifyPackageMD5 apkControlMode = none
01-01 08:02:21.183 D/PackageManager( 2078): com.android.providers.downloads compare in grantSignaturePermission : package publickey_string = OpenSSLRSAPublicKey{modulus=c41552dde9a751173b7b8d78f1028c582f7790622752fa7b0a23b1c7b10f769f1ade6401b01719891566d9080fb45c0b4c533daf1cec7a3874a21d941a493966d5df9c29d8fdbaa2b095e00eac97a9df384856461d98dd88f4b8f28d697a88845b57b9e2132ee436eb15b09452a495418829c30ca7143534397c7d26fad583dd8e7f3348be29c415b57f05bf8c7a9ef8f5a39f2b6774bd0c35983f866b15444b670d87f39931ca5209b0d0a3087b265953fd45026f0b196b33cb6eedea4eb2dc17d303295ba46f8f253c4de3960f00e60b26f8bf6df50a321acccd8b97a287f2b85b5f8b9a1f81f078a489c38d3b457572b8ecadb4068ee02fe26725a93833cd,publicExponent=10001}
01-01 08:02:21.183 D/PackageManager( 2078): com.android.providers.downloads compare in grantSignaturePermission : package keyString = c41552dde9a751173b7b8d78f1028c582f7790622752fa7b0a23b1c7b10f769f1ade6401b01719891566d9080fb45c0b4c533daf1cec7a3874a21d941a493966d5df9c29d8fdbaa2b095e00eac97a9df384856461d98dd88f4b8f28d697a88845b57b9e2132ee436eb15b09452a495418829c30ca7143534397c7d26fad583dd8e7f3348be29c415b57f05bf8c7a9ef8f5a39f2b6774bd0c35983f866b15444b670d87f39931ca5209b0d0a3087b265953fd45026f0b196b33cb6eedea4eb2dc17d303295ba46f8f253c4de3960f00e60b26f8bf6df50a321acccd8b97a287f2b85b5f8b9a1f81f078a489c38d3b457572b8ecadb4068ee02fe26725a93833cd
01-01 08:02:21.183 D/PackageManager( 2078): grantSignaturePermission:OriPubKey allowed = false
01-01 08:02:21.183 D/PackageManager( 2078): grantSignaturePermission permission = android.permission.SEND_DOWNLOAD_COMPLETED_INTENTS
01-01 08:02:21.183 D/PackageManager( 2078): verifyPackageMD5 apkControlMode = none
01-01 08:02:21.183 D/PackageManager( 2078): grantSignaturePermission permission = android.permission.ACCESS_ALL_DOWNLOADS
01-01 08:02:21.184 D/PackageManager( 2078): verifyPackageMD5 apkControlMode = none
01-01 08:02:21.184 D/PackageManager( 2078): grantSignaturePermission permission = android.permission.UPDATE_DEVICE_STATS
01-01 08:02:21.184 D/PackageManager( 2078): verifyPackageMD5 apkControlMode = none
01-01 08:02:21.185 D/PackageManager( 2078): com.android.providers.downloads compare in grantSignaturePermission : package publickey_string = OpenSSLRSAPublicKey{modulus=c41552dde9a751173b7b8d78f1028c582f7790622752fa7b0a23b1c7b10f769f1ade6401b01719891566d9080fb45c0b4c533daf1cec7a3874a21d941a493966d5df9c29d8fdbaa2b095e00eac97a9df384856461d98dd88f4b8f28d697a88845b57b9e2132ee436eb15b09452a495418829c30ca7143534397c7d26fad583dd8e7f3348be29c415b57f05bf8c7a9ef8f5a39f2b6774bd0c35983f866b15444b670d87f39931ca5209b0d0a3087b265953fd45026f0b196b33cb6eedea4eb2dc17d303295ba46f8f253c4de3960f00e60b26f8bf6df50a321acccd8b97a287f2b85b5f8b9a1f81f078a489c38d3b457572b8ecadb4068ee02fe26725a93833cd,publicExponent=10001}
01-01 08:02:21.185 D/PackageManager( 2078): com.android.providers.downloads compare in grantSignaturePermission : package keyString = c41552dde9a751173b7b8d78f1028c582f7790622752fa7b0a23b1c7b10f769f1ade6401b01719891566d9080fb45c0b4c533daf1cec7a3874a21d941a493966d5df9c29d8fdbaa2b095e00eac97a9df384856461d98dd88f4b8f28d697a88845b57b9e2132ee436eb15b09452a495418829c30ca7143534397c7d26fad583dd8e7f3348be29c415b57f05bf8c7a9ef8f5a39f2b6774bd0c35983f866b15444b670d87f39931ca5209b0d0a3087b265953fd45026f0b196b33cb6eedea4eb2dc17d303295ba46f8f253c4de3960f00e60b26f8bf6df50a321acccd8b97a287f2b85b5f8b9a1f81f078a489c38d3b457572b8ecadb4068ee02fe26725a93833cd
01-01 08:02:21.185 D/PackageManager( 2078): grantSignaturePermission:OriPubKey allowed = false
01-01 08:02:21.185 D/PackageManager( 2078): grantSignaturePermission permission = android.permission.CONNECTIVITY_INTERNAL
01-01 08:02:21.185 D/PackageManager( 2078): verifyPackageMD5 apkControlMode = none
01-01 08:02:21.186 D/PackageManager( 2078): com.android.providers.downloads compare in grantSignaturePermission : package publickey_string = OpenSSLRSAPublicKey{modulus=c41552dde9a751173b7b8d78f1028c582f7790622752fa7b0a23b1c7b10f769f1ade6401b01719891566d9080fb45c0b4c533daf1cec7a3874a21d941a493966d5df9c29d8fdbaa2b095e00eac97a9df384856461d98dd88f4b8f28d697a88845b57b9e2132ee436eb15b09452a495418829c30ca7143534397c7d26fad583dd8e7f3348be29c415b57f05bf8c7a9ef8f5a39f2b6774bd0c35983f866b15444b670d87f39931ca5209b0d0a3087b265953fd45026f0b196b33cb6eedea4eb2dc17d303295ba46f8f253c4de3960f00e60b26f8bf6df50a321acccd8b97a287f2b85b5f8b9a1f81f078a489c38d3b457572b8ecadb4068ee02fe26725a93833cd,publicExponent=10001}
01-01 08:02:21.186 D/PackageManager( 2078): com.android.providers.downloads compare in grantSignaturePermission : package keyString = c41552dde9a751173b7b8d78f1028c582f7790622752fa7b0a23b1c7b10f769f1ade6401b01719891566d9080fb45c0b4c533daf1cec7a3874a21d941a493966d5df9c29d8fdbaa2b095e00eac97a9df384856461d98dd88f4b8f28d697a88845b57b9e2132ee436eb15b09452a495418829c30ca7143534397c7d26fad583dd8e7f3348be29c415b57f05bf8c7a9ef8f5a39f2b6774bd0c35983f866b15444b670d87f39931ca5209b0d0a3087b265953fd45026f0b196b33cb6eedea4eb2dc17d303295ba46f8f253c4de3960f00e60b26f8bf6df50a321acccd8b97a287f2b85b5f8b9a1f81f078a489c38d3b457572b8ecadb4068ee02fe26725a93833cd
01-01 08:02:21.186 D/PackageManager( 2078): grantSignaturePermission:OriPubKey allowed = false
01-01 08:02:21.186 D/PackageManager( 2078): grantSignaturePermission permission = android.permission.MODIFY_NETWORK_ACCOUNTING
01-01 08:02:21.186 D/PackageManager( 2078): verifyPackageMD5 apkControlMode = none
01-01 08:02:21.187 D/PackageManager( 2078): com.android.providers.downloads compare in grantSignaturePermission : package publickey_string = OpenSSLRSAPublicKey{modulus=c41552dde9a751173b7b8d78f1028c582f7790622752fa7b0a23b1c7b10f769f1ade6401b01719891566d9080fb45c0b4c533daf1cec7a3874a21d941a493966d5df9c29d8fdbaa2b095e00eac97a9df384856461d98dd88f4b8f28d697a88845b57b9e2132ee436eb15b09452a495418829c30ca7143534397c7d26fad583dd8e7f3348be29c415b57f05bf8c7a9ef8f5a39f2b6774bd0c35983f866b15444b670d87f39931ca5209b0d0a3087b265953fd45026f0b196b33cb6eedea4eb2dc17d303295ba46f8f253c4de3960f00e60b26f8bf6df50a321acccd8b97a287f2b85b5f8b9a1f81f078a489c38d3b457572b8ecadb4068ee02fe26725a93833cd,publicExponent=10001}
01-01 08:02:21.187 D/PackageManager( 2078): com.android.providers.downloads compare in grantSignaturePermission : package keyString = c41552dde9a751173b7b8d78f1028c582f7790622752fa7b0a23b1c7b10f769f1ade6401b01719891566d9080fb45c0b4c533daf1cec7a3874a21d941a493966d5df9c29d8fdbaa2b095e00eac97a9df384856461d98dd88f4b8f28d697a88845b57b9e2132ee436eb15b09452a495418829c30ca7143534397c7d26fad583dd8e7f3348be29c415b57f05bf8c7a9ef8f5a39f2b6774bd0c35983f866b15444b670d87f39931ca5209b0d0a3087b265953fd45026f0b196b33cb6eedea4eb2dc17d303295ba46f8f253c4de3960f00e60b26f8bf6df50a321acccd8b97a287f2b85b5f8b9a1f81f078a489c38d3b457572b8ecadb4068ee02fe26725a93833cd
01-01 08:02:21.187 D/PackageManager( 2078): grantSignaturePermission:OriPubKey allowed = false
01-01 08:02:21.187 D/PackageManager( 2078): grantSignaturePermission permission = android.permission.CHANGE_CONFIGURATION
01-01 08:02:21.187 D/PackageManager( 2078): verifyPackageMD5 apkControlMode = none
01-01 08:02:21.188 D/PackageManager( 2078): com.android.email compare in grantSignaturePermission : package publickey_string = OpenSSLRSAPublicKey{modulus=9e2b9f598ee5b48603b7ba3b14fb8c2336d9757743d41a864b25d9fe3216ce9453fafdf441ca024464d67e3c7145f86c8cb12bec8354b063c8ebf23881cf685d80df8780756b712e2e2822c2932eabb9661e5a6d03bef546cf304c2fbdcc999f85a8150cfabc6c75af1ba379f568309c0042c8269692835566e5d5fc19e2ae2c70cf9434bf0d066f1f1421c57354f3b7a7e809bebef9c11c958ce5d3671aff42c864d0e7403edb7fd1c6aa34ce544556748bac421e4bdf9ca606ba353dd42c1c2d9768b6664870b94012f85a91cd9cca49d0dab5d0e74f7736360880f983256709aae9019056391ff8cf05d454cd969309433a63f94fb2de83e733b496931099,publicExponent=3}
01-01 08:02:21.188 D/PackageManager( 2078): com.android.email compare in grantSignaturePermission : package keyString = 9e2b9f598ee5b48603b7ba3b14fb8c2336d9757743d41a864b25d9fe3216ce9453fafdf441ca024464d67e3c7145f86c8cb12bec8354b063c8ebf23881cf685d80df8780756b712e2e2822c2932eabb9661e5a6d03bef546cf304c2fbdcc999f85a8150cfabc6c75af1ba379f568309c0042c8269692835566e5d5fc19e2ae2c70cf9434bf0d066f1f1421c57354f3b7a7e809bebef9c11c958ce5d3671aff42c864d0e7403edb7fd1c6aa34ce544556748bac421e4bdf9ca606ba353dd42c1c2d9768b6664870b94012f85a91cd9cca49d0dab5d0e74f7736360880f983256709aae9019056391ff8cf05d454cd969309433a63f94fb2de83e733b496931099
01-01 08:02:21.189 D/PackageManager( 2078): grantSignaturePermission:OriPubKey allowed = false
01-01 08:02:21.189 W/PackageManager( 2078): Not granting permission android.permission.CHANGE_CONFIGURATION to package com.android.email (protectionLevel=50 flags=0x18be44)
01-01 08:02:21.189 D/PackageManager( 2078): grantSignaturePermission permission = com.android.email.permission.ACCESS_PROVIDER
01-01 08:02:21.189 D/PackageManager( 2078): verifyPackageMD5 apkControlMode = none
01-01 08:02:21.189 D/PackageManager( 2078): grantSignaturePermission permission = com.android.email.permission.MIPUSH_RECEIVE
01-01 08:02:21.189 D/PackageManager( 2078): verifyPackageMD5 apkControlMode = none
01-01 08:02:21.189 D/PackageManager( 2078): grantSignaturePermission permission = com.android.launcher.permission.WRITE_SETTINGS
01-01 08:02:21.189 D/PackageManager( 2078): verifyPackageMD5 apkControlMode = none
01-01 08:02:21.190 D/PackageManager( 2078): com.android.email compare in grantSignaturePermission : package publickey_string = OpenSSLRSAPublicKey{modulus=9e2b9f598ee5b48603b7ba3b14fb8c2336d9757743d41a864b25d9fe3216ce9453fafdf441ca024464d67e3c7145f86c8cb12bec8354b063c8ebf23881cf685d80df8780756b712e2e2822c2932eabb9661e5a6d03bef546cf304c2fbdcc999f85a8150cfabc6c75af1ba379f568309c0042c8269692835566e5d5fc19e2ae2c70cf9434bf0d066f1f1421c57354f3b7a7e809bebef9c11c958ce5d3671aff42c864d0e7403edb7fd1c6aa34ce544556748bac421e4bdf9ca606ba353dd42c1c2d9768b6664870b94012f85a91cd9cca49d0dab5d0e74f7736360880f983256709aae9019056391ff8cf05d454cd969309433a63f94fb2de83e733b496931099,publicExponent=3}
01-01 08:02:21.190 D/PackageManager( 2078): com.android.email compare in grantSignaturePermission : package keyString = 9e2b9f598ee5b48603b7ba3b14fb8c2336d9757743d41a864b25d9fe3216ce9453fafdf441ca024464d67e3c7145f86c8cb12bec8354b063c8ebf23881cf685d80df8780756b712e2e2822c2932eabb9661e5a6d03bef546cf304c2fbdcc999f85a8150cfabc6c75af1ba379f568309c0042c8269692835566e5d5fc19e2ae2c70cf9434bf0d066f1f1421c57354f3b7a7e809bebef9c11c958ce5d3671aff42c864d0e7403edb7fd1c6aa34ce544556748bac421e4bdf9ca606ba353dd42c1c2d9768b6664870b94012f85a91cd9cca49d0dab5d0e74f7736360880f983256709aae9019056391ff8cf05d454cd969309433a63f94fb2de83e733b496931099
01-01 08:02:21.190 D/PackageManager( 2078): grantSignaturePermission:OriPubKey allowed = false
01-01 08:02:21.190 W/PackageManager( 2078): Not granting permission com.android.launcher.permission.WRITE_SETTINGS to package com.android.email (protectionLevel=18 flags=0x18be44)
01-01 08:02:21.190 W/PackageManager( 2078): Unknown permission com.sec.android.provider.badge.permission.READ in package com.android.email
01-01 08:02:21.190 W/PackageManager( 2078): Unknown permission com.sec.android.provider.badge.permission.WRITE in package com.android.email
01-01 08:02:21.190 W/PackageManager( 2078): Unknown permission com.htc.launcher.permission.READ_SETTINGS in package com.android.email
01-01 08:02:21.190 W/PackageManager( 2078): Unknown permission com.htc.launcher.permission.UPDATE_SHORTCUT in package com.android.email
01-01 08:02:21.190 W/PackageManager( 2078): Unknown permission com.sonyericsson.home.permission.BROADCAST_BADGE in package com.android.email
01-01 08:02:21.190 W/PackageManager( 2078): Unknown permission com.anddoes.launcher.permission.UPDATE_COUNT in package com.android.email
01-01 08:02:21.257 I/ActivityManager( 2078): Start proc com.svox.pico for broadcast com.svox.pico/.VoiceDataInstallerReceiver: pid=3534 uid=10015 gids={50015, 1028}
01-01 08:02:21.264 D/BackupManagerService( 2078): Received broadcast Intent { act=android.intent.action.PACKAGE_ADDED dat=package:com.android.email flg=0x4000010 (has extras) }
01-01 08:02:21.266 V/BackupManagerService( 2078): addPackageParticipantsLocked: #1
01-01 08:02:21.270 E/installd( 1593): value = false 
01-01 08:02:21.323 E/installd( 1593): value = false 
01-01 08:02:21.328 W/RecognitionManagerService( 2078): no available voice recognition services found for user 0
01-01 08:02:26.011 I/ActivityManager( 2078): Killing 3109:com.explorer/1000 (adj 15): empty #5
01-01 08:02:26.023 D/ActivityManager( 2078): cleanUpApplicationRecordLocked -- 3109
01-01 08:06:29.649 I/ActivityManager( 2078): START u0 {act=android.intent.umaction.UMATV flg=0x10008000 (has extras)} from pid 2432
01-01 08:13:19.145 D/ConnectivityService( 2078): Sampling interval elapsed, updating statistics ..
01-01 08:13:19.149 D/ConnectivityService( 2078): Done.
01-01 08:13:19.149 D/ConnectivityService( 2078): Setting timer for 720seconds
01-01 08:29:57.794 W/BatteryStatsImpl( 2078): Couldn't get kernel wake lock stats
01-01 08:30:13.756 D/ConnectivityService( 2078): Sampling interval elapsed, updating statistics ..
01-01 08:30:13.765 D/ConnectivityService( 2078): Done.
01-01 08:30:13.765 D/ConnectivityService( 2078): Setting timer for 720seconds
01-01 08:30:13.768 I/ProcessStatsService( 2078): Prepared write state in 10ms
01-01 08:42:13.768 D/ConnectivityService( 2078): Sampling interval elapsed, updating statistics ..
01-01 08:42:13.772 D/ConnectivityService( 2078): Done.
01-01 08:42:13.772 D/ConnectivityService( 2078): Setting timer for 720seconds
01-01 08:59:57.815 W/BatteryStatsImpl( 2078): Couldn't get kernel wake lock stats
01-01 09:00:13.755 D/ConnectivityService( 2078): Sampling interval elapsed, updating statistics ..
01-01 09:00:13.760 D/ConnectivityService( 2078): Done.
01-01 09:00:13.760 D/ConnectivityService( 2078): Setting timer for 720seconds
01-01 09:00:13.821 I/ProcessStatsService( 2078): Prepared write state in 7ms
01-01 09:00:13.827 I/ProcessStatsService( 2078): Prepared write state in 6ms
01-01 09:12:13.762 D/ConnectivityService( 2078): Sampling interval elapsed, updating statistics ..
01-01 09:12:13.766 D/ConnectivityService( 2078): Done.
01-01 09:12:13.766 D/ConnectivityService( 2078): Setting timer for 720seconds
01-01 09:28:40.410 I/ActivityManager( 2078): START u0 {act=android.intent.umaction.UMATV flg=0x10008000 (has extras)} from pid 2432
01-01 09:29:57.836 W/BatteryStatsImpl( 2078): Couldn't get kernel wake lock stats
01-01 09:30:13.756 D/ConnectivityService( 2078): Sampling interval elapsed, updating statistics ..
01-01 09:30:13.760 D/ConnectivityService( 2078): Done.
01-01 09:30:13.760 D/ConnectivityService( 2078): Setting timer for 720seconds
01-01 09:31:00.009 I/ProcessStatsService( 2078): Prepared write state in 6ms
01-01 09:42:13.761 D/ConnectivityService( 2078): Sampling interval elapsed, updating statistics ..
01-01 09:42:13.765 D/ConnectivityService( 2078): Done.
01-01 09:42:13.765 D/ConnectivityService( 2078): Setting timer for 720seconds
01-01 09:59:57.857 W/BatteryStatsImpl( 2078): Couldn't get kernel wake lock stats
01-01 10:00:24.154 D/ConnectivityService( 2078): Sampling interval elapsed, updating statistics ..
01-01 10:00:24.158 D/ConnectivityService( 2078): Done.
01-01 10:00:24.158 D/ConnectivityService( 2078): Setting timer for 720seconds
01-01 10:01:00.032 I/ProcessStatsService( 2078): Prepared write state in 6ms
01-01 10:12:24.159 D/ConnectivityService( 2078): Sampling interval elapsed, updating statistics ..
01-01 10:12:24.163 D/ConnectivityService( 2078): Done.
01-01 10:12:24.163 D/ConnectivityService( 2078): Setting timer for 720seconds
01-01 10:29:24.784 I/ActivityManager( 2078): START u0 {act=android.intent.umaction.UMATV flg=0x10008000 (has extras)} from pid 2432
01-01 10:29:57.878 W/BatteryStatsImpl( 2078): Couldn't get kernel wake lock stats
01-01 10:30:13.756 D/ConnectivityService( 2078): Sampling interval elapsed, updating statistics ..
01-01 10:30:13.763 D/ConnectivityService( 2078): Done.
01-01 10:30:13.764 D/ConnectivityService( 2078): Setting timer for 720seconds
01-01 10:32:00.009 I/ProcessStatsService( 2078): Prepared write state in 6ms
01-01 10:42:13.765 D/ConnectivityService( 2078): Sampling interval elapsed, updating statistics ..
01-01 10:42:13.769 D/ConnectivityService( 2078): Done.
01-01 10:42:13.769 D/ConnectivityService( 2078): Setting timer for 720seconds
01-01 10:59:57.899 W/BatteryStatsImpl( 2078): Couldn't get kernel wake lock stats
01-01 11:00:12.337 I/EntropyMixer( 2078): Writing entropy...
01-01 11:00:13.756 D/ConnectivityService( 2078): Sampling interval elapsed, updating statistics ..
01-01 11:00:13.761 D/ConnectivityService( 2078): Done.
01-01 11:00:13.762 D/ConnectivityService( 2078): Setting timer for 720seconds
01-01 11:02:00.034 I/ProcessStatsService( 2078): Prepared write state in 8ms
01-01 11:12:13.763 D/ConnectivityService( 2078): Sampling interval elapsed, updating statistics ..
01-01 11:12:13.767 D/ConnectivityService( 2078): Done.
01-01 11:12:13.768 D/ConnectivityService( 2078): Setting timer for 720seconds
01-01 11:29:57.919 W/BatteryStatsImpl( 2078): Couldn't get kernel wake lock stats
01-01 11:30:13.759 D/ConnectivityService( 2078): Sampling interval elapsed, updating statistics ..
01-01 11:30:13.764 D/ConnectivityService( 2078): Done.
01-01 11:30:13.765 D/ConnectivityService( 2078): Setting timer for 720seconds
01-01 11:33:00.011 I/ProcessStatsService( 2078): Prepared write state in 4ms
01-01 11:33:00.015 I/ProcessStatsService( 2078): Prepared write state in 4ms
01-01 11:37:18.076 I/ActivityManager( 2078): START u0 {cmp=com.um.launcher/.MyAppActivity} from pid 2432
01-01 11:37:18.082 W/ContextImpl( 2432): Calling a method in the system process without a qualified user: android.app.ContextImpl.sendBroadcast:1211 android.content.ContextWrapper.sendBroadcast:365 android.app.ActivityThread.performPauseActivity:3061 android.app.ActivityThread.performPauseActivity:3023 android.app.ActivityThread.handlePauseActivity:3001 
01-01 11:37:18.087 E/HiSysManagerService( 1598): checkPermission is true.
01-01 11:37:18.258 W/ContextImpl( 2432): Calling a method in the system process without a qualified user: android.app.ContextImpl.sendBroadcast:1211 android.content.ContextWrapper.sendBroadcast:365 android.app.ActivityThread.performResumeActivity:2785 android.app.ActivityThread.handleResumeActivity:2823 android.app.ActivityThread.handleLaunchActivity:2250 
01-01 11:37:18.260 E/HiSysManagerService( 1598): checkPermission is true.
01-01 11:37:23.152 I/ActivityManager( 2078): START u0 {act=android.intent.action.MAIN cat=[android.intent.category.LAUNCHER] cmp=com.hisilicon.miracast/.activity.WelcomeActivity} from pid 2432
01-01 11:37:23.308 W/ContextImpl( 2432): Calling a method in the system process without a qualified user: android.app.ContextImpl.sendBroadcast:1211 android.content.ContextWrapper.sendBroadcast:365 android.app.ActivityThread.performPauseActivity:3061 android.app.ActivityThread.performPauseActivity:3023 android.app.ActivityThread.handlePauseActivity:3001 
01-01 11:37:23.311 E/HiSysManagerService( 1598): checkPermission is true.
01-01 11:37:23.317 I/ActivityManager( 2078): Start proc com.hisilicon.miracast for activity com.hisilicon.miracast/.activity.WelcomeActivity: pid=5940 uid=1000 gids={41000, 3003, 1028, 1007, 3002, 3001}
01-01 11:37:23.342 E/installd( 1593): value = false 
01-01 11:37:23.684 E/installd( 1593): value = false 
01-01 11:37:23.752 W/ContextImpl( 5940): Calling a method in the system process without a qualified user: android.app.ContextImpl.sendBroadcast:1211 android.content.ContextWrapper.sendBroadcast:365 com.hisilicon.miracast.activity.base.BaseActivity.stopBackgroundMusic:29 com.hisilicon.miracast.activity.WelcomeActivity.onCreate:42 android.app.Activity.performCreate:5231 
01-01 11:37:23.753 W/ContextImpl( 5940): Calling a method in the system process without a qualified user: android.app.ContextImpl.sendBroadcast:1211 android.content.ContextWrapper.sendBroadcast:365 com.hisilicon.miracast.activity.base.BaseActivity.stopBackgroundMusic:33 com.hisilicon.miracast.activity.WelcomeActivity.onCreate:42 android.app.Activity.performCreate:5231 
01-01 11:37:23.754 W/ContextImpl( 5940): Calling a method in the system process without a qualified user: android.app.ContextImpl.sendBroadcast:1211 android.content.ContextWrapper.sendBroadcast:365 com.hisilicon.miracast.activity.base.BaseActivity.stopBackgroundMusic:37 com.hisilicon.miracast.activity.WelcomeActivity.onCreate:42 android.app.Activity.performCreate:5231 
01-01 11:37:23.759 W/ContextImpl( 5940): Calling a method in the system process without a qualified user: android.app.ContextImpl.sendBroadcast:1211 android.content.ContextWrapper.sendBroadcast:365 android.app.ActivityThread.performResumeActivity:2785 android.app.ActivityThread.handleResumeActivity:2823 android.app.ActivityThread.handleLaunchActivity:2250 
01-01 11:37:23.761 E/HiSysManagerService( 1598): checkPermission is true.
01-01 11:37:23.773 I/ActivityManager( 2078): START u0 {cmp=com.hisilicon.miracast/.activity.SettingActivity} from pid 5940
01-01 11:37:23.789 W/ContextImpl( 5940): Calling a method in the system process without a qualified user: android.app.ContextImpl.sendBroadcast:1211 android.content.ContextWrapper.sendBroadcast:365 android.app.ActivityThread.performPauseActivity:3061 android.app.ActivityThread.performPauseActivity:3023 android.app.ActivityThread.handlePauseActivity:3001 
01-01 11:37:23.791 E/HiSysManagerService( 1598): checkPermission is true.
01-01 11:37:23.910 W/ContextImpl( 5940): Calling a method in the system process without a qualified user: android.app.ContextImpl.bindService:1631 android.content.ContextWrapper.bindService:517 com.hisilicon.miracast.activity.SettingActivity.bindWfdService:306 com.hisilicon.miracast.activity.SettingActivity.onCreate:78 android.app.Activity.performCreate:5231 
01-01 11:37:23.914 W/ContextImpl( 5940): Calling a method in the system process without a qualified user: android.app.ContextImpl.sendBroadcast:1211 android.content.ContextWrapper.sendBroadcast:365 android.app.ActivityThread.performResumeActivity:2785 android.app.ActivityThread.handleResumeActivity:2823 android.app.ActivityThread.handleLaunchActivity:2250 
01-01 11:37:23.916 E/HiSysManagerService( 1598): checkPermission is true.
01-01 11:39:48.668 W/InputMethodManagerService( 2078): Starting input on non-focused client com.android.internal.view.IInputMethodClient$Stub$Proxy@421185a0 (uid=1000 pid=5940)
01-01 11:39:48.669 W/InputMethodManagerService( 2078): Starting input on non-focused client com.android.internal.view.IInputMethodClient$Stub$Proxy@421185a0 (uid=1000 pid=5940)
01-01 11:39:48.669 W/InputMethodManagerService( 2078): Focus gain on non-focused client com.android.internal.view.IInputMethodClient$Stub$Proxy@421185a0 (uid=1000 pid=5940)
01-01 11:39:48.676 W/ActivityManager( 2078): Duplicate finish request for ActivityRecord{4211d480 u0 com.hisilicon.miracast/.activity.SettingActivity t2 f}
01-01 11:39:48.677 W/ContextImpl( 5940): Calling a method in the system process without a qualified user: android.app.ContextImpl.sendBroadcast:1211 android.content.ContextWrapper.sendBroadcast:365 android.app.ActivityThread.performPauseActivity:3061 android.app.ActivityThread.performPauseActivity:3023 android.app.ActivityThread.handlePauseActivity:3001 
01-01 11:39:48.679 E/HiSysManagerService( 1598): checkPermission is true.
01-01 11:39:48.688 D/WifiService( 2078): setWifiEnabled: false pid=5940, uid=1000
01-01 11:39:48.703 W/ContextImpl( 2432): Calling a method in the system process without a qualified user: android.app.ContextImpl.sendBroadcast:1211 android.content.ContextWrapper.sendBroadcast:365 android.app.ActivityThread.performResumeActivity:2785 android.app.ActivityThread.handleResumeActivity:2823 android.app.ActivityThread$H.handleMessage:1238 
01-01 11:39:48.705 E/HiSysManagerService( 1598): checkPermission is true.
01-01 11:39:48.730 W/InputMethodManagerService( 2078): Window already focused, ignoring focus gain of: com.android.internal.view.IInputMethodClient$Stub$Proxy@422c6a40 attribute=null, token = android.os.BinderProxy@42308628
01-01 11:39:48.825 I/ActivityManager( 2078): Killing 3177:com.android.settings/1000 (adj 15): empty #5
01-01 11:39:48.833 D/ActivityManager( 2078): cleanUpApplicationRecordLocked -- 3177
01-01 11:39:58.326 I/ActivityManager( 2078): START u0 {act=android.intent.action.MAIN cat=[android.intent.category.LAUNCHER] cmp=com.example.man.myapplication/.MainActivity} from pid 2432
01-01 11:39:58.332 W/ContextImpl( 2432): Calling a method in the system process without a qualified user: android.app.ContextImpl.sendBroadcast:1211 android.content.ContextWrapper.sendBroadcast:365 android.app.ActivityThread.performPauseActivity:3061 android.app.ActivityThread.performPauseActivity:3023 android.app.ActivityThread.handlePauseActivity:3001 
01-01 11:39:58.335 E/HiSysManagerService( 1598): checkPermission is true.
01-01 11:39:58.512 E/HiSysManagerService( 1598): checkPermission is true.
01-01 11:40:05.598 E/HiSysManagerService( 1598): checkPermission is true.
01-01 11:40:05.615 W/ContextImpl( 2432): Calling a method in the system process without a qualified user: android.app.ContextImpl.sendBroadcast:1211 android.content.ContextWrapper.sendBroadcast:365 android.app.ActivityThread.performResumeActivity:2785 android.app.ActivityThread.handleResumeActivity:2823 android.app.ActivityThread$H.handleMessage:1238 
01-01 11:40:05.617 E/HiSysManagerService( 1598): checkPermission is true.
01-01 11:42:13.768 D/ConnectivityService( 2078): Sampling interval elapsed, updating statistics ..
01-01 11:42:13.771 D/ConnectivityService( 2078): Done.
01-01 11:42:13.771 D/ConnectivityService( 2078): Setting timer for 720seconds
01-01 11:44:05.027 W/ProcessCpuTracker( 2078): Skipping unknown process pid 7630
01-01 11:44:05.028 W/ProcessCpuTracker( 2078): Skipping unknown process pid 7632
01-01 11:44:05.029 W/ProcessCpuTracker( 2078): Skipping unknown process pid 7633
01-01 11:59:57.940 W/BatteryStatsImpl( 2078): Couldn't get kernel wake lock stats
01-01 12:00:24.213 D/ConnectivityService( 2078): Sampling interval elapsed, updating statistics ..
01-01 12:00:24.217 D/ConnectivityService( 2078): Done.
01-01 12:00:24.217 D/ConnectivityService( 2078): Setting timer for 720seconds
01-01 12:03:00.030 I/ProcessStatsService( 2078): Prepared write state in 4ms
01-01 12:12:24.219 D/ConnectivityService( 2078): Sampling interval elapsed, updating statistics ..
01-01 12:12:24.222 D/ConnectivityService( 2078): Done.
01-01 12:12:24.222 D/ConnectivityService( 2078): Setting timer for 720seconds
01-01 12:29:57.962 W/BatteryStatsImpl( 2078): Couldn't get kernel wake lock stats
01-01 12:30:13.756 D/ConnectivityService( 2078): Sampling interval elapsed, updating statistics ..
01-01 12:30:13.759 D/ConnectivityService( 2078): Done.
01-01 12:30:13.759 D/ConnectivityService( 2078): Setting timer for 720seconds
01-01 12:34:00.007 I/ProcessStatsService( 2078): Prepared write state in 4ms
01-01 12:42:13.760 D/ConnectivityService( 2078): Sampling interval elapsed, updating statistics ..
01-01 12:42:13.764 D/ConnectivityService( 2078): Done.
01-01 12:42:13.765 D/ConnectivityService( 2078): Setting timer for 720seconds
01-01 12:50:04.184 W/InputMethodManagerService( 2078): Window already focused, ignoring focus gain of: com.android.internal.view.IInputMethodClient$Stub$Proxy@42151d30 attribute=null, token = android.os.BinderProxy@42308628
01-01 12:50:06.869 W/ContextImpl( 2432): Calling a method in the system process without a qualified user: android.app.ContextImpl.sendBroadcast:1211 android.content.ContextWrapper.sendBroadcast:365 android.app.ActivityThread.performPauseActivity:3061 android.app.ActivityThread.performPauseActivity:3023 android.app.ActivityThread.handlePauseActivity:3001 
01-01 12:50:06.872 E/HiSysManagerService( 1598): checkPermission is true.
01-01 12:50:06.881 W/ContextImpl( 2432): Calling a method in the system process without a qualified user: android.app.ContextImpl.sendBroadcast:1211 android.content.ContextWrapper.sendBroadcast:365 android.app.ActivityThread.performResumeActivity:2785 android.app.ActivityThread.handleResumeActivity:2823 android.app.ActivityThread$H.handleMessage:1238 
01-01 12:50:06.884 E/HiSysManagerService( 1598): checkPermission is true.
01-01 12:50:06.884 W/ActivityManager( 2078): Duplicate finish request for ActivityRecord{42188380 u0 com.um.launcher/.MyAppActivity t1 f}
01-01 12:50:07.687 I/ActivityManager( 2078): START u0 {act=android.intent.umaction.UMATV flg=0x10008000 (has extras)} from pid 2432
01-01 12:50:11.888 W/ProcessCpuTracker( 2078): Skipping unknown process pid 17683
01-01 12:50:13.674 I/ActivityManager( 2078): START u0 {act=android.intent.umaction.UMATV flg=0x10008000 (has extras)} from pid 2432
01-01 12:50:14.513 I/ActivityManager( 2078): START u0 {act=android.intent.umaction.UMATV flg=0x10008000 (has extras)} from pid 2432
01-01 12:51:14.514 I/ActivityManager( 2078): START u0 {act=android.intent.umaction.UMATV flg=0x10008000 (has extras)} from pid 2432
01-01 12:59:57.983 W/BatteryStatsImpl( 2078): Couldn't get kernel wake lock stats
01-01 13:00:13.756 D/ConnectivityService( 2078): Sampling interval elapsed, updating statistics ..
01-01 13:00:13.760 D/ConnectivityService( 2078): Done.
01-01 13:00:13.760 D/ConnectivityService( 2078): Setting timer for 720seconds
01-01 13:04:00.031 I/ProcessStatsService( 2078): Prepared write state in 5ms
01-01 13:12:13.763 D/ConnectivityService( 2078): Sampling interval elapsed, updating statistics ..
01-01 13:12:13.766 D/ConnectivityService( 2078): Done.
01-01 13:12:13.766 D/ConnectivityService( 2078): Setting timer for 720seconds
01-01 13:29:58.005 W/BatteryStatsImpl( 2078): Couldn't get kernel wake lock stats
01-01 13:30:13.757 D/ConnectivityService( 2078): Sampling interval elapsed, updating statistics ..
01-01 13:30:13.761 D/ConnectivityService( 2078): Done.
01-01 13:30:13.761 D/ConnectivityService( 2078): Setting timer for 720seconds
01-01 13:35:00.008 I/ProcessStatsService( 2078): Prepared write state in 5ms
01-01 13:42:13.763 D/ConnectivityService( 2078): Sampling interval elapsed, updating statistics ..
01-01 13:42:13.768 D/ConnectivityService( 2078): Done.
01-01 13:42:13.768 D/ConnectivityService( 2078): Setting timer for 720seconds
01-01 13:45:25.042 W/PackageManager( 2078): Attempt to delete unknown system package com.android.externalstorage
01-01 13:45:31.050 W/PackageManager( 2078): Attempt to delete unknown system package com.android.externalstorage
01-01 13:46:02.775 W/PackageManager( 2078): Attempt to delete unknown system package com.android.systemui
01-01 13:46:39.761 I/PackageManager( 2078): uid=0, pid=26604, processName=, packageName=null
01-01 13:46:39.761 I/PackageManager( 2078): packageURI:file:///data/local/tmp/com.android.email.apk
01-01 13:46:39.761 I/PackageManager( 2078): packageURI.getPath=/data/local/tmp/com.android.email.apk
01-01 13:46:39.770 W/ActivityManager( 2078): No content provider found for permission revoke: file:///data/local/tmp/com.android.email.apk
01-01 13:46:39.807 W/ActivityManager( 2078): No content provider found for permission revoke: file:///data/local/tmp/com.android.email.apk
01-01 13:46:39.807 I/PackageManager( 2078): Copying native libraries to /data/app-lib/vmdl-889952041
01-01 13:46:41.160 I/ActivityManager( 2078): Force stopping com.android.email appid=10021 user=-1: uninstall pkg
01-01 13:46:41.212 I/PackageManager( 2078): Package com.android.email codePath changed from /data/app/com.android.email-1.apk to /data/app/com.android.email-2.apk; Retaining data and using new
01-01 13:46:41.212 D/PackageManager( 2078): verifyPackageMD5 apkControlMode = none
